****************************************
Report : timing
        -path full
        -delay max
        -max_paths 100
Design : mod3counter
Version: S-2021.06
Date   : Fri Jan  2 13:05:21 2026
****************************************

Operating Conditions: ss   Library: XYZ
Wire Load Model Mode: segmented

  Startpoint: reset (input port clocked by clk)
  Endpoint: q_reg[0] (rising edge-triggered flip-flop clocked by clk)
  Path Group: INREG
  Path Type: max

  Des/Clust/Port     Wire Load Model       Library
  ------------------------------------------------
  mod3counter        ZeroWireload          XYZ

  Point                                                   Incr       Path
  --------------------------------------------------------------------------
  clock clk (rise edge)                                   0.00       0.00
  clock network delay (ideal)                             0.00       0.00
  input external delay                                    1.00       1.00 f
  reset (in)                                              0.00       1.00 f
  U14/ZN (INVD18BWP12T30P140)                             0.00       1.00 r
  U13/ZN (NR2D8BWP12T30P140)                              0.01       1.01 f
  q_reg[0]/D (DFQOPTSADD8BWP12T30P140)                    0.00       1.01 f
  data arrival time                                                  1.01

  clock clk (rise edge)                                   1.00       1.00
  clock network delay (ideal)                             0.00       1.00
  clock uncertainty                                      -0.20       0.80
  q_reg[0]/CP (DFQOPTSADD8BWP12T30P140)                   0.00       0.80 r
  library setup time                                      0.03       0.83
  data required time                                                 0.83
  --------------------------------------------------------------------------
  data required time                                                 0.83
  data arrival time                                                 -1.01
  --------------------------------------------------------------------------
  slack (VIOLATED)                                                  -0.18


  Startpoint: reset (input port clocked by clk)
  Endpoint: q_reg[1] (rising edge-triggered flip-flop clocked by clk)
  Path Group: INREG
  Path Type: max

  Des/Clust/Port     Wire Load Model       Library
  ------------------------------------------------
  mod3counter        ZeroWireload          XYZ

  Point                                                   Incr       Path
  --------------------------------------------------------------------------
  clock clk (rise edge)                                   0.00       0.00
  clock network delay (ideal)                             0.00       0.00
  input external delay                                    1.00       1.00 f
  reset (in)                                              0.00       1.00 f
  U11/ZN (INVD18BWP12T30P140)                             0.00       1.00 r
  U10/ZN (NR2D8BWP12T30P140)                              0.01       1.01 f
  q_reg[1]/D (DFQOPTSADD8BWP12T30P140)                    0.00       1.01 f
  data arrival time                                                  1.01

  clock clk (rise edge)                                   1.00       1.00
  clock network delay (ideal)                             0.00       1.00
  clock uncertainty                                      -0.20       0.80
  q_reg[1]/CP (DFQOPTSADD8BWP12T30P140)                   0.00       0.80 r
  library setup time                                      0.03       0.83
  data required time                                                 0.83
  --------------------------------------------------------------------------
  data required time                                                 0.83
  data arrival time                                                 -1.01
  --------------------------------------------------------------------------
  slack (VIOLATED)                                                  -0.18


  Startpoint: q_reg[1] (rising edge-triggered flip-flop clocked by clk)
  Endpoint: q[1] (output port clocked by clk)
  Path Group: REGOUT
  Path Type: max

  Des/Clust/Port     Wire Load Model       Library
  ------------------------------------------------
  mod3counter        ZeroWireload          XYZ

  Point                                                   Incr       Path
  --------------------------------------------------------------------------
  clock clk (rise edge)                                   0.00       0.00
  clock network delay (ideal)                             0.00       0.00
  q_reg[1]/CP (DFQOPTSADD8BWP12T30P140)                   0.00       0.00 r
  q_reg[1]/Q (DFQOPTSADD8BWP12T30P140)                    0.13       0.13 f
  q[1] (out)                                              0.00       0.13 f
  data arrival time                                                  0.13

  clock clk (rise edge)                                   1.00       1.00
  clock network delay (ideal)                             0.00       1.00
  clock uncertainty                                      -0.20       0.80
  output external delay                                  -1.00      -0.20
  data required time                                                -0.20
  --------------------------------------------------------------------------
  data required time                                                -0.20
  data arrival time                                                 -0.13
  --------------------------------------------------------------------------
  slack (VIOLATED)                                                  -0.33


  Startpoint: q_reg[0] (rising edge-triggered flip-flop clocked by clk)
  Endpoint: q[0] (output port clocked by clk)
  Path Group: REGOUT
  Path Type: max

  Des/Clust/Port     Wire Load Model       Library
  ------------------------------------------------
  mod3counter        ZeroWireload          XYZ

  Point                                                   Incr       Path
  --------------------------------------------------------------------------
  clock clk (rise edge)                                   0.00       0.00
  clock network delay (ideal)                             0.00       0.00
  q_reg[0]/CP (DFQOPTSADD8BWP12T30P140)                   0.00       0.00 r
  q_reg[0]/Q (DFQOPTSADD8BWP12T30P140)                    0.13       0.13 f
  q[0] (out)                                              0.00       0.13 f
  data arrival time                                                  0.13

  clock clk (rise edge)                                   1.00       1.00
  clock network delay (ideal)                             0.00       1.00
  clock uncertainty                                      -0.20       0.80
  output external delay                                  -1.00      -0.20
  data required time                                                -0.20
  --------------------------------------------------------------------------
  data required time                                                -0.20
  data arrival time                                                 -0.13
  --------------------------------------------------------------------------
  slack (VIOLATED)                                                  -0.33


  Startpoint: q_reg[0] (rising edge-triggered flip-flop clocked by clk)
  Endpoint: q_reg[1] (rising edge-triggered flip-flop clocked by clk)
  Path Group: REGREG
  Path Type: max

  Des/Clust/Port     Wire Load Model       Library
  ------------------------------------------------
  mod3counter        ZeroWireload          XYZ

  Point                                                   Incr       Path
  --------------------------------------------------------------------------
  clock clk (rise edge)                                   0.00       0.00
  clock network delay (ideal)                             0.00       0.00
  q_reg[0]/CP (DFQOPTSADD8BWP12T30P140)                   0.00       0.00 r
  q_reg[0]/Q (DFQOPTSADD8BWP12T30P140)                    0.13       0.13 f
  U12/ZN (XNR2OPTND6BWP12T30P140)                         0.07       0.20 r
  U10/ZN (NR2D8BWP12T30P140)                              0.01       0.21 f
  q_reg[1]/D (DFQOPTSADD8BWP12T30P140)                    0.00       0.21 f
  data arrival time                                                  0.21

  clock clk (rise edge)                                   1.00       1.00
  clock network delay (ideal)                             0.00       1.00
  clock uncertainty                                      -0.20       0.80
  q_reg[1]/CP (DFQOPTSADD8BWP12T30P140)                   0.00       0.80 r
  library setup time                                      0.03       0.83
  data required time                                                 0.83
  --------------------------------------------------------------------------
  data required time                                                 0.83
  data arrival time                                                 -0.21
  --------------------------------------------------------------------------
  slack (MET)                                                        0.62


  Startpoint: q_reg[0] (rising edge-triggered flip-flop clocked by clk)
  Endpoint: q_reg[0] (rising edge-triggered flip-flop clocked by clk)
  Path Group: REGREG
  Path Type: max

  Des/Clust/Port     Wire Load Model       Library
  ------------------------------------------------
  mod3counter        ZeroWireload          XYZ

  Point                                                   Incr       Path
  --------------------------------------------------------------------------
  clock clk (rise edge)                                   0.00       0.00
  clock network delay (ideal)                             0.00       0.00
  q_reg[0]/CP (DFQOPTSADD8BWP12T30P140)                   0.00       0.00 r
  q_reg[0]/Q (DFQOPTSADD8BWP12T30P140)                    0.13       0.13 f
  U15/ZN (INVD1BWP12T30P140)                              0.04       0.17 r
  U9/ZN (INVD3BWP12T30P140)                               0.02       0.19 f
  U13/ZN (NR2D8BWP12T30P140)                              0.02       0.21 r
  q_reg[0]/D (DFQOPTSADD8BWP12T30P140)                    0.00       0.21 r
  data arrival time                                                  0.21

  clock clk (rise edge)                                   1.00       1.00
  clock network delay (ideal)                             0.00       1.00
  clock uncertainty                                      -0.20       0.80
  q_reg[0]/CP (DFQOPTSADD8BWP12T30P140)                   0.00       0.80 r
  library setup time                                      0.04       0.84
  data required time                                                 0.84
  --------------------------------------------------------------------------
  data required time                                                 0.84
  data arrival time                                                 -0.21
  --------------------------------------------------------------------------
  slack (MET)                                                        0.63


1
